
===== 2026-05-25T13:16:50.763552Z index=1 exp=iter5108-anazemcev-positive3-over-iter5097 artifact=runs/iter5108-anazemcev-positive3-over-iter5097/submission.zip =====

  0%|          | 0.00/1.26M [00:00<?, ?B/s]
 11%|█         | 144k/1.26M [00:00<00:00, 1.32MB/s]
 38%|███▊      | 496k/1.26M [00:00<00:00, 1.34MB/s]
 71%|███████   | 912k/1.26M [00:00<00:00, 2.17MB/s]
100%|██████████| 1.26M/1.26M [00:00<00:00, 1.45MB/s]
Successfully submitted to The 2026 NeuroGolf Championship

===== 2026-05-25T13:16:53.728602Z index=2 exp=iter5107-task323-cb20260525-over5097-task323-over-iter5097 artifact=runs/iter5107-task323-cb20260525-over5097-task323-over-iter5097/submission.zip =====

  0%|          | 0.00/1.26M [00:00<?, ?B/s]
 19%|█▊        | 240k/1.26M [00:00<00:00, 2.45MB/s]
 40%|███▉      | 512k/1.26M [00:00<00:00, 1.40MB/s]
 53%|█████▎    | 688k/1.26M [00:00<00:00, 1.24MB/s]
 87%|████████▋ | 1.09M/1.26M [00:00<00:00, 2.03MB/s]
100%|██████████| 1.26M/1.26M [00:01<00:00, 1.23MB/s]
Successfully submitted to The 2026 NeuroGolf Championship

===== 2026-05-25T13:16:56.795666Z index=3 exp=iter5106-task204-cb20260525-anazemcev-over5097-task204-over-iter5097 artifact=runs/iter5106-task204-cb20260525-anazemcev-over5097-task204-over-iter5097/submission.zip =====

  0%|          | 0.00/1.26M [00:00<?, ?B/s]
 15%|█▍        | 192k/1.26M [00:00<00:00, 1.83MB/s]
 43%|████▎     | 560k/1.26M [00:00<00:00, 2.68MB/s]
 64%|██████▍   | 832k/1.26M [00:00<00:00, 2.29MB/s]
100%|██████████| 1.26M/1.26M [00:00<00:00, 1.47MB/s]
Successfully submitted to The 2026 NeuroGolf Championship

===== 2026-05-25T13:17:00.198186Z index=4 exp=iter5106-task084-cb20260525-anazemcev-over5097-task084-over-iter5097 artifact=runs/iter5106-task084-cb20260525-anazemcev-over5097-task084-over-iter5097/submission.zip =====

  0%|          | 0.00/1.26M [00:00<?, ?B/s]
 30%|██▉       | 384k/1.26M [00:00<00:00, 3.63MB/s]
 58%|█████▊    | 752k/1.26M [00:00<00:00, 821kB/s] 
 84%|████████▍ | 1.06M/1.26M [00:00<00:00, 1.21MB/s]
100%|██████████| 1.26M/1.26M [00:01<00:00, 966kB/s] 
Successfully submitted to The 2026 NeuroGolf Championship

===== 2026-05-25T13:17:03.857412Z index=5 exp=iter5105-task028-cb20260525-anazemcev-over5097-task028-over-iter5097 artifact=runs/iter5105-task028-cb20260525-anazemcev-over5097-task028-over-iter5097/submission.zip =====

  0%|          | 0.00/1.26M [00:00<?, ?B/s]
  1%|          | 16.0k/1.26M [00:03<04:14, 5.13kB/s]
 12%|█▏        | 160k/1.26M [00:03<00:18, 62.9kB/s] 
100%|██████████| 1.26M/1.26M [00:04<00:00, 278kB/s]
Successfully submitted to The 2026 NeuroGolf Championship

===== 2026-05-25T13:17:10.587826Z index=6 exp=iter5104-task323-cb20260525-over5097-task323-over-iter5097 artifact=runs/iter5104-task323-cb20260525-over5097-task323-over-iter5097/submission.zip =====

  0%|          | 0.00/1.26M [00:00<?, ?B/s]
 31%|███       | 400k/1.26M [00:00<00:00, 4.07MB/s]
 62%|██████▏   | 800k/1.26M [00:00<00:00, 968kB/s] 
100%|██████████| 1.26M/1.26M [00:01<00:00, 1.05MB/s]
Successfully submitted to The 2026 NeuroGolf Championship

===== 2026-05-25T13:17:14.115650Z index=7 exp=iter5103-task190-cb20260525-over5097-task190-over-iter5097 artifact=runs/iter5103-task190-cb20260525-over5097-task190-over-iter5097/submission.zip =====

  0%|          | 0.00/1.26M [00:00<?, ?B/s]
 32%|███▏      | 416k/1.26M [00:00<00:00, 4.06MB/s]
 63%|██████▎   | 816k/1.26M [00:00<00:00, 1.44MB/s]
100%|██████████| 1.26M/1.26M [00:01<00:00, 1.27MB/s]
Successfully submitted to The 2026 NeuroGolf Championship

===== 2026-05-25T13:17:17.237579Z index=8 exp=iter5103-task129-cb20260525-over5097-task129-over-iter5097 artifact=runs/iter5103-task129-cb20260525-over5097-task129-over-iter5097/submission.zip =====

  0%|          | 0.00/1.26M [00:00<?, ?B/s]
 29%|██▊       | 368k/1.26M [00:00<00:00, 3.66MB/s]
 57%|█████▋    | 736k/1.26M [00:00<00:00, 1.83MB/s]
 76%|███████▌  | 976k/1.26M [00:00<00:00, 1.86MB/s]
100%|██████████| 1.26M/1.26M [00:01<00:00, 1.27MB/s]
Successfully submitted to The 2026 NeuroGolf Championship

===== 2026-05-25T13:17:20.423393Z index=9 exp=iter5102-task376-after6100-task376-over-iter5097 artifact=runs/iter5102-task376-after6100-task376-over-iter5097/submission.zip =====

  0%|          | 0.00/1.26M [00:00<?, ?B/s]
 31%|███       | 400k/1.26M [00:00<00:00, 4.02MB/s]
 62%|██████▏   | 800k/1.26M [00:00<00:00, 1.51MB/s]
100%|██████████| 1.26M/1.26M [00:01<00:00, 1.28MB/s]
Successfully submitted to The 2026 NeuroGolf Championship

===== 2026-05-25T13:17:23.551486Z index=10 exp=iter5101-task129-after6100-task129-over-iter5097 artifact=runs/iter5101-task129-after6100-task129-over-iter5097/submission.zip =====

  0%|          | 0.00/1.26M [00:00<?, ?B/s]
 30%|██▉       | 384k/1.26M [00:00<00:00, 3.66MB/s]
 58%|█████▊    | 752k/1.26M [00:00<00:00, 1.24MB/s]
100%|██████████| 1.26M/1.26M [00:00<00:00, 2.12MB/s]
100%|██████████| 1.26M/1.26M [00:01<00:00, 1.16MB/s]
Successfully submitted to The 2026 NeuroGolf Championship

===== 2026-05-25T13:17:26.837959Z index=11 exp=iter5100-task028-after6100-task028-over-iter5097 artifact=runs/iter5100-task028-after6100-task028-over-iter5097/submission.zip =====

  0%|          | 0.00/1.26M [00:00<?, ?B/s]
 32%|███▏      | 416k/1.26M [00:00<00:00, 4.25MB/s]
 65%|██████▍   | 832k/1.26M [00:00<00:00, 1.56MB/s]
100%|██████████| 1.26M/1.26M [00:01<00:00, 1.31MB/s]
Successfully submitted to The 2026 NeuroGolf Championship

===== 2026-05-25T13:17:29.878924Z index=12 exp=iter5098-simplify-metadata-over-iterQ20260522 artifact=runs/iter5098-simplify-metadata-over-iterQ20260522/submission.zip =====

  0%|          | 0.00/1.35M [00:00<?, ?B/s]
 24%|██▍       | 336k/1.35M [00:00<00:00, 3.40MB/s]
 49%|████▊     | 672k/1.35M [00:00<00:00, 1.49MB/s]
 64%|██████▎   | 880k/1.35M [00:00<00:00, 1.56MB/s]
100%|██████████| 1.35M/1.35M [00:01<00:00, 1.34MB/s]
Successfully submitted to The 2026 NeuroGolf Championship

===== 2026-05-25T13:17:33.248639Z index=13 exp=iter5096-task294-cb20260524newbest-task294-bool-logic-over-iterQ20260522 artifact=runs/iter5096-task294-cb20260524newbest-task294-bool-logic-over-iterQ20260522/submission.zip =====

  0%|          | 0.00/1.35M [00:00<?, ?B/s]
  1%|          | 16.0k/1.35M [00:04<06:12, 3.76kB/s]
 12%|█▏        | 160k/1.35M [00:04<00:24, 50.2kB/s] 
 35%|███▍      | 480k/1.35M [00:04<00:05, 178kB/s] 
 43%|████▎     | 592k/1.35M [00:04<00:03, 231kB/s]
 71%|███████   | 976k/1.35M [00:04<00:00, 478kB/s]
100%|██████████| 1.35M/1.35M [00:05<00:00, 258kB/s]
Successfully submitted to The 2026 NeuroGolf Championship

===== 2026-05-25T13:17:40.969651Z index=14 exp=iter5095-task171-cb20260524newbest-task171-bool-border-over-iterQ20260522 artifact=runs/iter5095-task171-cb20260524newbest-task171-bool-border-over-iterQ20260522/submission.zip =====

  0%|          | 0.00/1.35M [00:00<?, ?B/s]
 32%|███▏      | 448k/1.35M [00:00<00:00, 4.26MB/s]
 62%|██████▏   | 864k/1.35M [00:00<00:00, 1.15MB/s]
100%|██████████| 1.35M/1.35M [00:01<00:00, 1.16MB/s]
Successfully submitted to The 2026 NeuroGolf Championship

===== 2026-05-25T13:17:44.204829Z index=15 exp=iter5094-task139-cb20260524newbest-task139-bool-tail-over-iterQ20260522 artifact=runs/iter5094-task139-cb20260524newbest-task139-bool-tail-over-iterQ20260522/submission.zip =====

  0%|          | 0.00/1.35M [00:00<?, ?B/s]
  1%|          | 16.0k/1.35M [00:07<10:42, 2.18kB/s]
 14%|█▍        | 192k/1.35M [00:07<00:34, 35.5kB/s] 
 53%|█████▎    | 736k/1.35M [00:07<00:03, 178kB/s] 
 73%|███████▎  | 0.98M/1.35M [00:07<00:01, 266kB/s]
 90%|█████████ | 1.22M/1.35M [00:08<00:00, 367kB/s]
100%|██████████| 1.35M/1.35M [00:08<00:00, 165kB/s]
Successfully submitted to The 2026 NeuroGolf Championship

===== 2026-05-25T13:17:54.762152Z index=16 exp=iter5086-task366-hist-over-iter498 artifact=runs/iter5086-task366-hist-over-iter498/submission.zip =====

  0%|          | 0.00/1.23M [00:00<?, ?B/s]
 28%|██▊       | 352k/1.23M [00:00<00:00, 1.91MB/s]
 43%|████▎     | 544k/1.23M [00:00<00:00, 1.47MB/s]
 55%|█████▍    | 688k/1.23M [00:00<00:00, 1.05MB/s]
100%|██████████| 1.23M/1.23M [00:01<00:00, 1.04MB/s]
Successfully submitted to The 2026 NeuroGolf Championship

===== 2026-05-25T13:17:58.025803Z index=17 exp=iter5082-task171-cb20260524-task171-bool-border-over-iter4982 artifact=runs/iter5082-task171-cb20260524-task171-bool-border-over-iter4982/submission.zip =====

  0%|          | 0.00/1.35M [00:00<?, ?B/s]
 12%|█▏        | 160k/1.35M [00:00<00:01, 1.08MB/s]
 44%|████▍     | 608k/1.35M [00:00<00:00, 1.43MB/s]
 54%|█████▍    | 752k/1.35M [00:00<00:00, 1.04MB/s]
100%|██████████| 1.35M/1.35M [00:01<00:00, 1.07MB/s]
Successfully submitted to The 2026 NeuroGolf Championship

===== 2026-05-25T13:18:01.330675Z index=18 exp=iter5073-task370-pred20c-public-artifact-task370-over-iter4982 artifact=runs/iter5073-task370-pred20c-public-artifact-task370-over-iter4982/submission.zip =====

  0%|          | 0.00/1.37M [00:00<?, ?B/s]
  1%|          | 16.0k/1.37M [00:05<07:26, 3.18kB/s]
 11%|█▏        | 160k/1.37M [00:05<00:30, 42.2kB/s] 
 40%|███▉      | 560k/1.37M [00:05<00:04, 184kB/s] 
 49%|████▉     | 688k/1.37M [00:05<00:03, 236kB/s]
 58%|█████▊    | 816k/1.37M [00:05<00:02, 296kB/s]
100%|██████████| 1.37M/1.37M [00:06<00:00, 228kB/s]
Successfully submitted to The 2026 NeuroGolf Championship

===== 2026-05-25T13:18:09.665481Z index=19 exp=iter5066-task256-cbsubmit-task256-fp16-over-iter4982 artifact=runs/iter5066-task256-cbsubmit-task256-fp16-over-iter4982/submission.zip =====

  0%|          | 0.00/1.35M [00:00<?, ?B/s]
 24%|██▍       | 336k/1.35M [00:00<00:00, 3.25MB/s]
 47%|████▋     | 656k/1.35M [00:00<00:00, 1.23MB/s]
 89%|████████▉ | 1.20M/1.35M [00:00<00:00, 2.32MB/s]
100%|██████████| 1.35M/1.35M [00:01<00:00, 1.37MB/s]
Successfully submitted to The 2026 NeuroGolf Championship

===== 2026-05-25T13:18:12.819153Z index=20 exp=iter5065-task256-cbsubmit-task256-fp16ci-over-iter4982 artifact=runs/iter5065-task256-cbsubmit-task256-fp16ci-over-iter4982/submission.zip =====

  0%|          | 0.00/1.35M [00:00<?, ?B/s]
 14%|█▍        | 192k/1.35M [00:00<00:00, 1.85MB/s]
 39%|███▉      | 544k/1.35M [00:00<00:00, 1.44MB/s]
 51%|█████     | 704k/1.35M [00:00<00:00, 1.22MB/s]
 60%|██████    | 832k/1.35M [00:00<00:00, 1.08MB/s]
100%|██████████| 1.35M/1.35M [00:01<00:00, 1.11MB/s]
Successfully submitted to The 2026 NeuroGolf Championship

===== 2026-05-25T13:18:16.138053Z index=21 exp=iter5065-task256-cbsubmit-task256-fp16ci-opt-over-iter4982 artifact=runs/iter5065-task256-cbsubmit-task256-fp16ci-opt-over-iter4982/submission.zip =====

  0%|          | 0.00/1.35M [00:00<?, ?B/s]
 24%|██▍       | 336k/1.35M [00:00<00:00, 3.04MB/s]
 46%|████▌     | 640k/1.35M [00:00<00:00, 1.56MB/s]
 60%|██████    | 832k/1.35M [00:00<00:00, 1.36MB/s]
 72%|███████▏  | 992k/1.35M [00:00<00:00, 1.35MB/s]
100%|██████████| 1.35M/1.35M [00:01<00:00, 1.17MB/s]
Successfully submitted to The 2026 NeuroGolf Championship

===== 2026-05-25T13:18:19.627968Z index=22 exp=iter5064-task233-pred20b-current-cleanro-task233-over-iter4982 artifact=runs/iter5064-task233-pred20b-current-cleanro-task233-over-iter4982/submission.zip =====

  0%|          | 0.00/1.31M [00:00<?, ?B/s]
  1%|          | 16.0k/1.31M [00:10<15:05, 1.50kB/s]
 32%|███▏      | 432k/1.31M [00:11<00:16, 56.3kB/s] 
 63%|██████▎   | 848k/1.31M [00:11<00:03, 128kB/s] 
100%|██████████| 1.31M/1.31M [00:11<00:00, 115kB/s]
Successfully submitted to The 2026 NeuroGolf Championship

===== 2026-05-25T13:18:33.670589Z index=23 exp=iter5063-task233-pred20-current-cleanroom--task233-over-iter4982 artifact=runs/iter5063-task233-pred20-current-cleanroom--task233-over-iter4982/submission.zip =====

  0%|          | 0.00/1.31M [00:00<?, ?B/s]
 11%|█         | 144k/1.31M [00:00<00:01, 1.05MB/s]
 37%|███▋      | 496k/1.31M [00:00<00:00, 1.17MB/s]
 45%|████▌     | 608k/1.31M [00:00<00:00, 862kB/s] 
 79%|███████▉  | 1.03M/1.31M [00:00<00:00, 1.66MB/s]
100%|██████████| 1.31M/1.31M [00:01<00:00, 1.10MB/s]
Successfully submitted to The 2026 NeuroGolf Championship

===== 2026-05-25T13:18:36.997730Z index=24 exp=iter5059-task171-pred20-task171-bool-border-over-iter4982 artifact=runs/iter5059-task171-pred20-task171-bool-border-over-iter4982/submission.zip =====

  0%|          | 0.00/1.35M [00:00<?, ?B/s]
 28%|██▊       | 384k/1.35M [00:00<00:00, 3.72MB/s]
 54%|█████▍    | 752k/1.35M [00:00<00:00, 991kB/s] 
 96%|█████████▌| 1.30M/1.35M [00:00<00:00, 1.85MB/s]
100%|██████████| 1.35M/1.35M [00:01<00:00, 1.15MB/s]
Successfully submitted to The 2026 NeuroGolf Championship

===== 2026-05-25T13:18:40.265727Z index=25 exp=iter5051-task036-s20safe-task036-over-iter4953 artifact=runs/iter5051-task036-s20safe-task036-over-iter4953/submission.zip =====

  0%|          | 0.00/1.35M [00:00<?, ?B/s]
  1%|          | 16.0k/1.35M [00:06<08:35, 2.72kB/s]
 17%|█▋        | 240k/1.35M [00:06<00:21, 55.8kB/s] 
 35%|███▍      | 480k/1.35M [00:06<00:07, 129kB/s] 
 61%|██████    | 848k/1.35M [00:06<00:01, 283kB/s]
100%|██████████| 1.35M/1.35M [00:06<00:00, 552kB/s]
100%|██████████| 1.35M/1.35M [00:06<00:00, 203kB/s]
Successfully submitted to The 2026 NeuroGolf Championship

===== 2026-05-25T13:18:49.318330Z index=26 exp=iter5049-task215-s20safe-task215-over-iter4953 artifact=runs/iter5049-task215-s20safe-task215-over-iter4953/submission.zip =====

  0%|          | 0.00/1.35M [00:00<?, ?B/s]
 14%|█▍        | 192k/1.35M [00:00<00:00, 1.80MB/s]
 27%|██▋       | 368k/1.35M [00:00<00:00, 1.62MB/s]
 44%|████▍     | 608k/1.35M [00:00<00:00, 1.61MB/s]
 55%|█████▌    | 768k/1.35M [00:00<00:00, 1.11MB/s]
 65%|██████▍   | 896k/1.35M [00:00<00:00, 1.03MB/s]
100%|██████████| 1.35M/1.35M [00:01<00:00, 1.11MB/s]
Successfully submitted to The 2026 NeuroGolf Championship

===== 2026-05-25T13:18:52.669257Z index=27 exp=iter5046-task341-s20safe-task341-over-iter4953 artifact=runs/iter5046-task341-s20safe-task341-over-iter4953/submission.zip =====

  0%|          | 0.00/1.35M [00:00<?, ?B/s]
 24%|██▍       | 336k/1.35M [00:00<00:00, 3.12MB/s]
 47%|████▋     | 656k/1.35M [00:00<00:00, 1.73MB/s]
 62%|██████▏   | 864k/1.35M [00:00<00:00, 1.58MB/s]
100%|██████████| 1.35M/1.35M [00:01<00:00, 1.37MB/s]
Successfully submitted to The 2026 NeuroGolf Championship

===== 2026-05-25T13:18:56.019365Z index=28 exp=iter5043-task341-s20safe-task341-over-iter4953 artifact=runs/iter5043-task341-s20safe-task341-over-iter4953/submission.zip =====

  0%|          | 0.00/1.35M [00:00<?, ?B/s]
  1%|          | 16.0k/1.35M [00:04<06:47, 3.44kB/s]
 67%|██████▋   | 928k/1.35M [00:04<00:01, 275kB/s]  
100%|██████████| 1.35M/1.35M [00:05<00:00, 250kB/s]
Successfully submitted to The 2026 NeuroGolf Championship

===== 2026-05-25T13:19:03.782736Z index=29 exp=iter5032-task001-s20safe-task001-over-iter4953 artifact=runs/iter5032-task001-s20safe-task001-over-iter4953/submission.zip =====

  0%|          | 0.00/1.35M [00:00<?, ?B/s]
 24%|██▍       | 336k/1.35M [00:00<00:00, 3.34MB/s]
 48%|████▊     | 672k/1.35M [00:00<00:00, 1.37MB/s]
 65%|██████▍   | 896k/1.35M [00:00<00:00, 1.45MB/s]
100%|██████████| 1.35M/1.35M [00:01<00:00, 1.31MB/s]
Successfully submitted to The 2026 NeuroGolf Championship

===== 2026-05-25T13:19:07.106576Z index=30 exp=iter5025-task378-s20safe-task378-over-iter4953 artifact=runs/iter5025-task378-s20safe-task378-over-iter4953/submission.zip =====

  0%|          | 0.00/1.35M [00:00<?, ?B/s]
 33%|███▎      | 464k/1.35M [00:00<00:00, 4.48MB/s]
 73%|███████▎  | 0.98M/1.35M [00:00<00:00, 3.51MB/s]
 99%|█████████▉| 1.34M/1.35M [00:00<00:00, 2.62MB/s]
100%|██████████| 1.35M/1.35M [00:00<00:00, 1.50MB/s]
Successfully submitted to The 2026 NeuroGolf Championship

===== 2026-05-25T13:19:10.060867Z index=31 exp=iter5024-task378-s20safe-task378-over-iter4953 artifact=runs/iter5024-task378-s20safe-task378-over-iter4953/submission.zip =====

  0%|          | 0.00/1.35M [00:00<?, ?B/s]
 25%|██▌       | 352k/1.35M [00:00<00:00, 3.60MB/s]
 55%|█████▌    | 768k/1.35M [00:00<00:00, 2.74MB/s]
 76%|███████▌  | 1.03M/1.35M [00:00<00:00, 1.61MB/s]
 91%|█████████ | 1.23M/1.35M [00:00<00:00, 1.54MB/s]
100%|██████████| 1.35M/1.35M [00:01<00:00, 1.15MB/s]
Successfully submitted to The 2026 NeuroGolf Championship

===== 2026-05-25T13:19:13.405613Z index=32 exp=iter5021-task185-s20safe-task185-over-iter4953 artifact=runs/iter5021-task185-s20safe-task185-over-iter4953/submission.zip =====

  0%|          | 0.00/1.35M [00:00<?, ?B/s]
 32%|███▏      | 448k/1.35M [00:00<00:00, 4.50MB/s]
 65%|██████▍   | 896k/1.35M [00:00<00:00, 1.36MB/s]
100%|██████████| 1.35M/1.35M [00:01<00:00, 1.35MB/s]
Successfully submitted to The 2026 NeuroGolf Championship

===== 2026-05-25T13:19:16.584281Z index=33 exp=iter5020-task185-s20safe-task185-over-iter4953 artifact=runs/iter5020-task185-s20safe-task185-over-iter4953/submission.zip =====

  0%|          | 0.00/1.35M [00:00<?, ?B/s]
 24%|██▍       | 336k/1.35M [00:00<00:00, 3.06MB/s]
 46%|████▌     | 640k/1.35M [00:00<00:00, 1.54MB/s]
 60%|██████    | 832k/1.35M [00:00<00:00, 1.59MB/s]
 98%|█████████▊| 1.33M/1.35M [00:00<00:00, 2.62MB/s]
100%|██████████| 1.35M/1.35M [00:00<00:00, 1.47MB/s]
Successfully submitted to The 2026 NeuroGolf Championship

===== 2026-05-25T13:19:19.592492Z index=34 exp=iter4993-task396-s20safe-task396-over-iter4953 artifact=runs/iter4993-task396-s20safe-task396-over-iter4953/submission.zip =====

  0%|          | 0.00/1.35M [00:00<?, ?B/s]
 32%|███▏      | 448k/1.35M [00:00<00:00, 4.38MB/s]
 64%|██████▎   | 880k/1.35M [00:00<00:00, 1.29MB/s]
100%|██████████| 1.35M/1.35M [00:01<00:00, 1.31MB/s]
Successfully submitted to The 2026 NeuroGolf Championship

===== 2026-05-25T13:19:22.788521Z index=35 exp=iter4988-task341-s20safe-task341-over-iter4953 artifact=runs/iter4988-task341-s20safe-task341-over-iter4953/submission.zip =====

  0%|          | 0.00/1.35M [00:00<?, ?B/s]
 24%|██▍       | 336k/1.35M [00:00<00:00, 3.34MB/s]
 49%|████▊     | 672k/1.35M [00:00<00:00, 1.25MB/s]
 62%|██████▏   | 864k/1.35M [00:00<00:00, 1.40MB/s]
100%|██████████| 1.35M/1.35M [00:01<00:00, 1.33MB/s]
Successfully submitted to The 2026 NeuroGolf Championship

===== 2026-05-25T13:19:25.883186Z index=36 exp=iter4987-task341-s20safe-task341-over-iter4953 artifact=runs/iter4987-task341-s20safe-task341-over-iter4953/submission.zip =====

  0%|          | 0.00/1.35M [00:00<?, ?B/s]
  1%|          | 16.0k/1.35M [00:03<05:39, 4.13kB/s]
 32%|███▏      | 448k/1.35M [00:04<00:06, 158kB/s]  
 51%|█████     | 704k/1.35M [00:04<00:02, 255kB/s]
 65%|██████▍   | 896k/1.35M [00:04<00:01, 337kB/s]
100%|██████████| 1.35M/1.35M [00:04<00:00, 286kB/s]
Successfully submitted to The 2026 NeuroGolf Championship

===== 2026-05-25T13:19:33.074878Z index=37 exp=iter4953-task243-task243-s30skip367-over-iter4936 artifact=runs/iter4953-task243-task243-s30skip367-over-iter4936/submission.zip =====

  0%|          | 0.00/1.35M [00:00<?, ?B/s]
 20%|█▉        | 272k/1.35M [00:00<00:00, 2.78MB/s]
 40%|████      | 560k/1.35M [00:00<00:00, 2.09MB/s]
 57%|█████▋    | 784k/1.35M [00:00<00:00, 1.47MB/s]
100%|██████████| 1.35M/1.35M [00:00<00:00, 1.42MB/s]
Successfully submitted to The 2026 NeuroGolf Championship

===== 2026-05-25T13:19:36.266507Z index=38 exp=iter4947-task204-task204-s30skip367-over-iter4936 artifact=runs/iter4947-task204-task204-s30skip367-over-iter4936/submission.zip =====

  0%|          | 0.00/1.36M [00:00<?, ?B/s]
  1%|          | 16.0k/1.36M [00:05<07:59, 2.93kB/s]
 14%|█▍        | 192k/1.36M [00:05<00:25, 47.3kB/s] 
 51%|█████     | 704k/1.36M [00:05<00:03, 224kB/s] 
 70%|███████   | 976k/1.36M [00:05<00:01, 336kB/s]
 98%|█████████▊| 1.33M/1.36M [00:06<00:00, 545kB/s]
100%|██████████| 1.36M/1.36M [00:06<00:00, 219kB/s]
Successfully submitted to The 2026 NeuroGolf Championship

===== 2026-05-25T13:19:44.829660Z index=39 exp=iter4946-task204-task204-s30skip367-over-iter4936 artifact=runs/iter4946-task204-task204-s30skip367-over-iter4936/submission.zip =====

  0%|          | 0.00/1.36M [00:00<?, ?B/s]
 24%|██▍       | 336k/1.36M [00:00<00:00, 3.02MB/s]
 46%|████▌     | 640k/1.36M [00:00<00:00, 1.29MB/s]
 59%|█████▊    | 816k/1.36M [00:00<00:00, 1.31MB/s]
100%|██████████| 1.36M/1.36M [00:01<00:00, 1.33MB/s]
Successfully submitted to The 2026 NeuroGolf Championship

===== 2026-05-25T13:19:48.090037Z index=40 exp=iter4945-task204-task204-s30skip367-over-iter4936 artifact=runs/iter4945-task204-task204-s30skip367-over-iter4936/submission.zip =====

  0%|          | 0.00/1.36M [00:00<?, ?B/s]
 24%|██▍       | 336k/1.36M [00:00<00:00, 1.85MB/s]
 48%|████▊     | 672k/1.36M [00:00<00:00, 2.03MB/s]
 63%|██████▎   | 880k/1.36M [00:00<00:00, 1.63MB/s]
 76%|███████▌  | 1.03M/1.36M [00:00<00:00, 1.25MB/s]
100%|██████████| 1.36M/1.36M [00:01<00:00, 1.15MB/s]
Successfully submitted to The 2026 NeuroGolf Championship

===== 2026-05-25T13:19:51.381083Z index=41 exp=iter4944-task182-task182-s30skip367-over-iter4936 artifact=runs/iter4944-task182-task182-s30skip367-over-iter4936/submission.zip =====

  0%|          | 0.00/1.39M [00:00<?, ?B/s]
  1%|          | 16.0k/1.39M [00:03<04:42, 5.10kB/s]
 53%|█████▎    | 752k/1.39M [00:03<00:02, 325kB/s]  
 82%|████████▏ | 1.14M/1.39M [00:03<00:00, 484kB/s]
100%|██████████| 1.39M/1.39M [00:04<00:00, 347kB/s]
Successfully submitted to The 2026 NeuroGolf Championship

===== 2026-05-25T13:19:57.694181Z index=42 exp=iter4943-task182-task182-s30skip367-over-iter4936 artifact=runs/iter4943-task182-task182-s30skip367-over-iter4936/submission.zip =====

  0%|          | 0.00/1.37M [00:00<?, ?B/s]
  1%|          | 16.0k/1.37M [00:02<03:23, 6.99kB/s]
 44%|████▍     | 624k/1.37M [00:02<00:02, 362kB/s]  
 67%|██████▋   | 944k/1.37M [00:02<00:00, 552kB/s]
 86%|████████▋ | 1.19M/1.37M [00:02<00:00, 715kB/s]
100%|██████████| 1.37M/1.37M [00:03<00:00, 441kB/s]
Successfully submitted to The 2026 NeuroGolf Championship

===== 2026-05-25T13:20:03.017776Z index=43 exp=iter4942-task182-task182-s30skip367-over-iter4936 artifact=runs/iter4942-task182-task182-s30skip367-over-iter4936/submission.zip =====

  0%|          | 0.00/1.37M [00:00<?, ?B/s]
 24%|██▍       | 336k/1.37M [00:00<00:00, 2.99MB/s]
 45%|████▌     | 640k/1.37M [00:00<00:00, 1.17MB/s]
100%|██████████| 1.37M/1.37M [00:01<00:00, 1.35MB/s]
Successfully submitted to The 2026 NeuroGolf Championship

===== 2026-05-25T13:20:06.253089Z index=44 exp=iter4941-task175-task175-s30skip367-over-iter4936 artifact=runs/iter4941-task175-task175-s30skip367-over-iter4936/submission.zip =====

  0%|          | 0.00/1.36M [00:00<?, ?B/s]
  1%|          | 16.0k/1.36M [00:03<04:28, 5.24kB/s]
 38%|███▊      | 528k/1.36M [00:03<00:03, 234kB/s]  
 60%|█████▉    | 832k/1.36M [00:03<00:01, 352kB/s]
100%|██████████| 1.36M/1.36M [00:04<00:00, 352kB/s]
Successfully submitted to The 2026 NeuroGolf Championship

===== 2026-05-25T13:20:12.352620Z index=45 exp=iter4940-task175-task175-s30skip367-over-iter4936 artifact=runs/iter4940-task175-task175-s30skip367-over-iter4936/submission.zip =====

  0%|          | 0.00/1.36M [00:00<?, ?B/s]
  1%|          | 16.0k/1.36M [00:02<03:12, 7.29kB/s]
 36%|███▌      | 496k/1.36M [00:02<00:03, 277kB/s]  
 45%|████▍     | 624k/1.36M [00:02<00:02, 342kB/s]
 78%|███████▊  | 1.06M/1.36M [00:02<00:00, 745kB/s]
100%|██████████| 1.36M/1.36M [00:03<00:00, 451kB/s]
Successfully submitted to The 2026 NeuroGolf Championship

===== 2026-05-25T13:20:17.603205Z index=46 exp=iter4939-task175-task175-s30skip367-over-iter4936 artifact=runs/iter4939-task175-task175-s30skip367-over-iter4936/submission.zip =====

  0%|          | 0.00/1.36M [00:00<?, ?B/s]
  1%|          | 16.0k/1.36M [00:03<04:27, 5.26kB/s]
 25%|██▌       | 352k/1.36M [00:03<00:06, 156kB/s]  
 39%|███▉      | 544k/1.36M [00:03<00:03, 244kB/s]
 60%|█████▉    | 832k/1.36M [00:03<00:01, 422kB/s]
100%|██████████| 1.36M/1.36M [00:04<00:00, 349kB/s]
Successfully submitted to The 2026 NeuroGolf Championship

===== 2026-05-25T13:20:23.959830Z index=47 exp=iter4936-task387-task387-s30skip367-over-iter4874 artifact=runs/iter4936-task387-task387-s30skip367-over-iter4874/submission.zip =====

  0%|          | 0.00/1.36M [00:00<?, ?B/s]
 29%|██▉       | 400k/1.36M [00:00<00:00, 3.80MB/s]
 56%|█████▋    | 784k/1.36M [00:00<00:00, 1.29MB/s]
 94%|█████████▍| 1.28M/1.36M [00:00<00:00, 2.16MB/s]
100%|██████████| 1.36M/1.36M [00:01<00:00, 1.34MB/s]
Successfully submitted to The 2026 NeuroGolf Championship

===== 2026-05-25T13:20:27.034244Z index=48 exp=iter4935-task150-task150-s30skip367-over-iter4874 artifact=runs/iter4935-task150-task150-s30skip367-over-iter4874/submission.zip =====

  0%|          | 0.00/1.37M [00:00<?, ?B/s]
 29%|██▊       | 400k/1.37M [00:00<00:00, 4.06MB/s]
 57%|█████▋    | 800k/1.37M [00:00<00:00, 1.38MB/s]
 86%|████████▌ | 1.17M/1.37M [00:00<00:00, 1.79MB/s]
100%|██████████| 1.37M/1.37M [00:01<00:00, 1.32MB/s]
Successfully submitted to The 2026 NeuroGolf Championship

===== 2026-05-25T13:20:30.270687Z index=49 exp=iter4934-task150-task150-s30skip367-over-iter4874 artifact=runs/iter4934-task150-task150-s30skip367-over-iter4874/submission.zip =====

  0%|          | 0.00/1.37M [00:00<?, ?B/s]
 30%|██▉       | 416k/1.37M [00:00<00:00, 4.21MB/s]
 59%|█████▉    | 832k/1.37M [00:00<00:00, 1.51MB/s]
100%|██████████| 1.37M/1.37M [00:01<00:00, 1.32MB/s]
Successfully submitted to The 2026 NeuroGolf Championship

===== 2026-05-25T13:20:34.182400Z index=50 exp=iter4933-task155-task155-s30skip367-over-iter4874 artifact=runs/iter4933-task155-task155-s30skip367-over-iter4874/submission.zip =====

  0%|          | 0.00/1.37M [00:00<?, ?B/s]
 26%|██▋       | 368k/1.37M [00:00<00:00, 3.71MB/s]
 53%|█████▎    | 736k/1.37M [00:00<00:00, 1.06MB/s]
 66%|██████▋   | 928k/1.37M [00:00<00:00, 1.16MB/s]
 95%|█████████▍| 1.30M/1.37M [00:00<00:00, 1.75MB/s]
100%|██████████| 1.37M/1.37M [00:01<00:00, 1.11MB/s]
Successfully submitted to The 2026 NeuroGolf Championship

===== 2026-05-25T13:20:37.579704Z index=51 exp=iter4932-task155-task155-s30skip367-over-iter4874 artifact=runs/iter4932-task155-task155-s30skip367-over-iter4874/submission.zip =====

  0%|          | 0.00/1.37M [00:00<?, ?B/s]
  1%|          | 16.0k/1.37M [00:13<19:13, 1.23kB/s]
 57%|█████▋    | 800k/1.37M [00:13<00:07, 86.3kB/s] 
100%|██████████| 1.37M/1.37M [00:14<00:00, 101kB/s]
Successfully submitted to The 2026 NeuroGolf Championship

===== 2026-05-25T13:20:53.883379Z index=52 exp=iter4931-task387-task387-s30skip367-over-iter4874 artifact=runs/iter4931-task387-task387-s30skip367-over-iter4874/submission.zip =====

  0%|          | 0.00/1.37M [00:00<?, ?B/s]
 24%|██▍       | 336k/1.37M [00:00<00:00, 3.20MB/s]
 47%|████▋     | 656k/1.37M [00:00<00:00, 1.72MB/s]
 61%|██████▏   | 864k/1.37M [00:00<00:00, 1.77MB/s]
100%|██████████| 1.37M/1.37M [00:00<00:00, 1.46MB/s]
Successfully submitted to The 2026 NeuroGolf Championship

===== 2026-05-25T13:20:56.939653Z index=53 exp=iter4928-task367-task367-submit30-over-iter4874 artifact=runs/iter4928-task367-task367-submit30-over-iter4874/submission.zip =====

  0%|          | 0.00/1.36M [00:00<?, ?B/s]
 29%|██▊       | 400k/1.36M [00:00<00:00, 3.96MB/s]
 57%|█████▋    | 800k/1.36M [00:00<00:00, 1.41MB/s]
100%|██████████| 1.36M/1.36M [00:01<00:00, 1.37MB/s]
Successfully submitted to The 2026 NeuroGolf Championship

===== 2026-05-25T13:21:00.058102Z index=54 exp=iter4927-task367-task367-submit30-over-iter4874 artifact=runs/iter4927-task367-task367-submit30-over-iter4874/submission.zip =====

  0%|          | 0.00/1.36M [00:00<?, ?B/s]
 28%|██▊       | 384k/1.36M [00:00<00:00, 3.82MB/s]
 55%|█████▌    | 768k/1.36M [00:00<00:00, 1.79MB/s]
 72%|███████▏  | 0.98M/1.36M [00:00<00:00, 1.79MB/s]
100%|██████████| 1.36M/1.36M [00:01<00:00, 1.37MB/s]
Successfully submitted to The 2026 NeuroGolf Championship

===== 2026-05-25T13:21:03.219458Z index=55 exp=iter4926-task367-task367-submit30-over-iter4874 artifact=runs/iter4926-task367-task367-submit30-over-iter4874/submission.zip =====

  0%|          | 0.00/1.36M [00:00<?, ?B/s]
 26%|██▋       | 368k/1.36M [00:00<00:00, 3.71MB/s]
 53%|█████▎    | 736k/1.36M [00:00<00:00, 1.74MB/s]
 69%|██████▉   | 960k/1.36M [00:00<00:00, 1.60MB/s]
100%|██████████| 1.36M/1.36M [00:01<00:00, 1.38MB/s]
Successfully submitted to The 2026 NeuroGolf Championship

===== 2026-05-25T13:21:06.351186Z index=56 exp=iter4925-task387-task387-freeq-over-iter4874 artifact=runs/iter4925-task387-task387-freeq-over-iter4874/submission.zip =====

  0%|          | 0.00/1.37M [00:00<?, ?B/s]
  1%|          | 16.0k/1.37M [00:14<20:15, 1.17kB/s]
 14%|█▎        | 192k/1.37M [00:14<01:04, 19.3kB/s] 
 58%|█████▊    | 816k/1.37M [00:14<00:05, 109kB/s] 
 88%|████████▊ | 1.20M/1.37M [00:14<00:00, 189kB/s]
100%|██████████| 1.37M/1.37M [00:15<00:00, 95.5kB/s]
Successfully submitted to The 2026 NeuroGolf Championship

===== 2026-05-25T13:21:23.514140Z index=57 exp=iter4924-task096-task096-freeq-over-iter4874 artifact=runs/iter4924-task096-task096-freeq-over-iter4874/submission.zip =====

  0%|          | 0.00/1.37M [00:00<?, ?B/s]
 14%|█▎        | 192k/1.37M [00:00<00:00, 1.89MB/s]
 37%|███▋      | 512k/1.37M [00:00<00:00, 1.47MB/s]
 48%|████▊     | 672k/1.37M [00:00<00:00, 1.16MB/s]
 83%|████████▎ | 1.14M/1.37M [00:00<00:00, 2.13MB/s]
100%|██████████| 1.37M/1.37M [00:01<00:00, 1.35MB/s]
Successfully submitted to The 2026 NeuroGolf Championship

===== 2026-05-25T13:21:26.849701Z index=58 exp=iter4923-task096-task096-freeq-over-iter4874 artifact=runs/iter4923-task096-task096-freeq-over-iter4874/submission.zip =====

  0%|          | 0.00/1.37M [00:00<?, ?B/s]
  1%|          | 16.0k/1.37M [00:11<16:05, 1.47kB/s]
 38%|███▊      | 528k/1.37M [00:11<00:13, 67.6kB/s] 
 70%|██████▉   | 976k/1.37M [00:11<00:03, 143kB/s] 
100%|██████████| 1.37M/1.37M [00:12<00:00, 118kB/s]
Successfully submitted to The 2026 NeuroGolf Championship

===== 2026-05-25T13:21:41.035103Z index=59 exp=iter4922-task096-task096-freeq-over-iter4874 artifact=runs/iter4922-task096-task096-freeq-over-iter4874/submission.zip =====

  0%|          | 0.00/1.37M [00:00<?, ?B/s]
  1%|          | 16.0k/1.37M [00:02<03:13, 7.33kB/s]
 23%|██▎       | 320k/1.37M [00:02<00:05, 188kB/s]  
 43%|████▎     | 608k/1.37M [00:02<00:02, 396kB/s]
 57%|█████▋    | 800k/1.37M [00:02<00:01, 541kB/s]
100%|██████████| 1.37M/1.37M [00:03<00:00, 442kB/s]
Successfully submitted to The 2026 NeuroGolf Championship

===== 2026-05-25T13:21:46.582080Z index=60 exp=iter4910-task035-task035-dedupq-over-iter4874 artifact=runs/iter4910-task035-task035-dedupq-over-iter4874/submission.zip =====

  0%|          | 0.00/1.37M [00:00<?, ?B/s]
  1%|          | 16.0k/1.37M [00:02<03:08, 7.54kB/s]
 34%|███▍      | 480k/1.37M [00:02<00:03, 273kB/s]  
 42%|████▏     | 592k/1.37M [00:02<00:02, 320kB/s]
 77%|███████▋  | 1.05M/1.37M [00:02<00:00, 739kB/s]
100%|██████████| 1.37M/1.37M [00:03<00:00, 456kB/s]
Successfully submitted to The 2026 NeuroGolf Championship

===== 2026-05-25T13:21:51.973139Z index=61 exp=iter4909-task235-task235-dedupq-over-iter4874 artifact=runs/iter4909-task235-task235-dedupq-over-iter4874/submission.zip =====

  0%|          | 0.00/1.37M [00:00<?, ?B/s]
  1%|          | 16.0k/1.37M [00:02<02:54, 8.14kB/s]
 14%|█▎        | 192k/1.37M [00:02<00:09, 126kB/s]  
 54%|█████▎    | 752k/1.37M [00:02<00:01, 607kB/s]
 75%|███████▌  | 1.03M/1.37M [00:02<00:00, 663kB/s]
100%|██████████| 1.37M/1.37M [00:03<00:00, 458kB/s]
Successfully submitted to The 2026 NeuroGolf Championship

===== 2026-05-25T13:21:57.231246Z index=62 exp=iter4908-task301-task301-dedupq-over-iter4874 artifact=runs/iter4908-task301-task301-dedupq-over-iter4874/submission.zip =====

  0%|          | 0.00/1.37M [00:00<?, ?B/s]
  1%|          | 16.0k/1.37M [00:01<02:52, 8.20kB/s]
 11%|█▏        | 160k/1.37M [00:02<00:12, 105kB/s]  
 40%|███▉      | 560k/1.37M [00:02<00:02, 419kB/s]
 50%|█████     | 704k/1.37M [00:02<00:01, 522kB/s]
 63%|██████▎   | 880k/1.37M [00:02<00:00, 603kB/s]
100%|██████████| 1.37M/1.37M [00:03<00:00, 473kB/s]
Successfully submitted to The 2026 NeuroGolf Championship

===== 2026-05-25T13:22:02.453201Z index=63 exp=iter4907-task392-task392-dedupq-over-iter4874 artifact=runs/iter4907-task392-task392-dedupq-over-iter4874/submission.zip =====

  0%|          | 0.00/1.37M [00:00<?, ?B/s]
  1%|          | 16.0k/1.37M [00:02<03:30, 6.72kB/s]
 56%|█████▌    | 784k/1.37M [00:02<00:01, 424kB/s]  
 75%|███████▌  | 1.03M/1.37M [00:02<00:00, 574kB/s]
 93%|█████████▎| 1.27M/1.37M [00:02<00:00, 722kB/s]
100%|██████████| 1.37M/1.37M [00:03<00:00, 430kB/s]
Successfully submitted to The 2026 NeuroGolf Championship

===== 2026-05-25T13:22:07.750244Z index=64 exp=iter4906-task370-task370-dedupq-over-iter4874 artifact=runs/iter4906-task370-task370-dedupq-over-iter4874/submission.zip =====

  0%|          | 0.00/1.38M [00:00<?, ?B/s]
  1%|          | 16.0k/1.38M [00:02<04:18, 5.55kB/s]
 60%|█████▉    | 848k/1.38M [00:03<00:01, 398kB/s]  
 94%|█████████▍| 1.30M/1.38M [00:03<00:00, 559kB/s]
100%|██████████| 1.38M/1.38M [00:03<00:00, 374kB/s]
Successfully submitted to The 2026 NeuroGolf Championship

===== 2026-05-25T13:22:13.790681Z index=65 exp=iter4905-task204-task204-dedupq-over-iter4874 artifact=runs/iter4905-task204-task204-dedupq-over-iter4874/submission.zip =====

  0%|          | 0.00/1.37M [00:00<?, ?B/s]/opt/anaconda3/lib/python3.13/multiprocessing/resource_tracker.py:301: UserWarning: resource_tracker: There appear to be 1 leaked semaphore objects to clean up at shutdown: {'/mp-bv5kdsex'}
  warnings.warn(


===== 2026-05-25T13:22:14.957783Z index=66 exp=iter4904-task182-task182-dedupq-over-iter4874 artifact=runs/iter4904-task182-task182-dedupq-over-iter4874/submission.zip =====

  0%|          | 0.00/1.39M [00:00<?, ?B/s]
  1%|          | 16.0k/1.39M [00:00<00:10, 132kB/s]
 44%|████▍     | 624k/1.39M [00:00<00:00, 1.64MB/s]
 53%|█████▎    | 752k/1.39M [00:00<00:00, 1.12MB/s]
 79%|███████▉  | 1.09M/1.39M [00:00<00:00, 1.68MB/s]
100%|██████████| 1.39M/1.39M [00:01<00:00, 1.21MB/s]
Successfully submitted to The 2026 NeuroGolf Championship

===== 2026-05-25T13:22:18.474956Z index=67 exp=iter4903-task014-task014-dedupq-over-iter4874 artifact=runs/iter4903-task014-task014-dedupq-over-iter4874/submission.zip =====

  0%|          | 0.00/1.37M [00:00<?, ?B/s]
  1%|          | 16.0k/1.37M [00:02<03:32, 6.66kB/s]
 37%|███▋      | 512k/1.37M [00:02<00:03, 263kB/s]  
 46%|████▌     | 640k/1.37M [00:02<00:02, 317kB/s]
 81%|████████  | 1.11M/1.37M [00:02<00:00, 716kB/s]
100%|██████████| 1.37M/1.37M [00:03<00:00, 419kB/s]
Successfully submitted to The 2026 NeuroGolf Championship

===== 2026-05-25T13:22:23.980465Z index=68 exp=iter4902-task150-task150-dedupq-over-iter4874 artifact=runs/iter4902-task150-task150-dedupq-over-iter4874/submission.zip =====

  0%|          | 0.00/1.37M [00:00<?, ?B/s]
 24%|██▍       | 336k/1.37M [00:00<00:00, 3.19MB/s]
 47%|████▋     | 656k/1.37M [00:00<00:00, 1.11MB/s]
 72%|███████▏  | 0.98M/1.37M [00:00<00:00, 1.64MB/s]
 99%|█████████▉| 1.36M/1.37M [00:00<00:00, 2.18MB/s]
100%|██████████| 1.37M/1.37M [00:01<00:00, 1.28MB/s]
Successfully submitted to The 2026 NeuroGolf Championship

===== 2026-05-25T13:22:27.260602Z index=69 exp=iter4901-task155-task155-dedupq-over-iter4874 artifact=runs/iter4901-task155-task155-dedupq-over-iter4874/submission.zip =====

===== 2026-05-25T13:22:55.999035Z index=65 retry=1 exp=iter4905-task204-task204-dedupq-over-iter4874 artifact=runs/iter4905-task204-task204-dedupq-over-iter4874/submission.zip =====

  0%|          | 0.00/1.37M [00:00<?, ?B/s]
  1%|          | 16.0k/1.37M [00:03<05:25, 4.35kB/s]
 42%|████▏     | 592k/1.37M [00:03<00:03, 219kB/s]  
 65%|██████▌   | 912k/1.37M [00:04<00:01, 336kB/s]
100%|██████████| 1.37M/1.37M [00:04<00:00, 305kB/s]
Successfully submitted to The 2026 NeuroGolf Championship

===== 2026-05-25T13:23:02.768985Z index=69 retry=0 exp=iter4901-task155-task155-dedupq-over-iter4874 artifact=runs/iter4901-task155-task155-dedupq-over-iter4874/submission.zip =====

  0%|          | 0.00/1.37M [00:00<?, ?B/s]
 24%|██▍       | 336k/1.37M [00:00<00:00, 3.29MB/s]
 48%|████▊     | 672k/1.37M [00:00<00:00, 1.12MB/s]
 80%|███████▉  | 1.09M/1.37M [00:00<00:00, 1.84MB/s]
100%|██████████| 1.37M/1.37M [00:01<00:00, 1.30MB/s]
Successfully submitted to The 2026 NeuroGolf Championship

===== 2026-05-25T13:23:05.906961Z index=70 retry=0 exp=iter4900-task387-task387-dedupq-over-iter4874 artifact=runs/iter4900-task387-task387-dedupq-over-iter4874/submission.zip =====

  0%|          | 0.00/1.37M [00:00<?, ?B/s]
  1%|          | 16.0k/1.37M [00:04<06:13, 3.81kB/s]
 34%|███▍      | 480k/1.37M [00:04<00:06, 150kB/s]  
 43%|████▎     | 608k/1.37M [00:04<00:04, 195kB/s]
 84%|████████▍ | 1.16M/1.37M [00:04<00:00, 513kB/s]
100%|██████████| 1.37M/1.37M [00:05<00:00, 276kB/s]
Successfully submitted to The 2026 NeuroGolf Championship

===== 2026-05-25T13:23:13.521476Z index=71 retry=0 exp=iter4899-task367-task367-cq-over-iter4874 artifact=runs/iter4899-task367-task367-cq-over-iter4874/submission.zip =====

  0%|          | 0.00/1.36M [00:00<?, ?B/s]
  1%|          | 16.0k/1.36M [00:02<03:53, 6.06kB/s]
 36%|███▌      | 496k/1.36M [00:02<00:03, 230kB/s]  
 55%|█████▌    | 768k/1.36M [00:03<00:01, 386kB/s]
 68%|██████▊   | 944k/1.36M [00:03<00:00, 495kB/s]
 97%|█████████▋| 1.33M/1.36M [00:03<00:00, 870kB/s]
100%|██████████| 1.36M/1.36M [00:03<00:00, 379kB/s]
Successfully submitted to The 2026 NeuroGolf Championship

===== 2026-05-25T13:23:19.383096Z index=72 retry=0 exp=iter4898-task367-task367-cq-over-iter4874 artifact=runs/iter4898-task367-task367-cq-over-iter4874/submission.zip =====

  0%|          | 0.00/1.36M [00:00<?, ?B/s]
 11%|█▏        | 160k/1.36M [00:00<00:01, 1.05MB/s]
 52%|█████▏    | 720k/1.36M [00:00<00:00, 1.54MB/s]
 62%|██████▏   | 864k/1.36M [00:00<00:00, 1.26MB/s]
100%|██████████| 1.36M/1.36M [00:01<00:00, 1.18MB/s]
Successfully submitted to The 2026 NeuroGolf Championship

===== 2026-05-25T13:23:22.670500Z index=73 retry=0 exp=iter4897-task367-task367-cq-over-iter4874 artifact=runs/iter4897-task367-task367-cq-over-iter4874/submission.zip =====

  0%|          | 0.00/1.36M [00:00<?, ?B/s]
 24%|██▍       | 336k/1.36M [00:00<00:00, 3.37MB/s]
 48%|████▊     | 672k/1.36M [00:00<00:00, 1.08MB/s]
 75%|███████▍  | 1.02M/1.36M [00:00<00:00, 1.61MB/s]
100%|██████████| 1.36M/1.36M [00:01<00:00, 1.21MB/s]
Successfully submitted to The 2026 NeuroGolf Championship

===== 2026-05-25T13:23:25.920971Z index=74 retry=0 exp=iter4896-task367-task367-cq-over-iter4874 artifact=runs/iter4896-task367-task367-cq-over-iter4874/submission.zip =====

  0%|          | 0.00/1.36M [00:00<?, ?B/s]
  1%|          | 16.0k/1.36M [00:03<04:24, 5.34kB/s]
 39%|███▉      | 544k/1.36M [00:03<00:03, 245kB/s]  
 61%|██████    | 848k/1.36M [00:03<00:01, 395kB/s]
100%|██████████| 1.36M/1.36M [00:03<00:00, 369kB/s]
Successfully submitted to The 2026 NeuroGolf Championship

===== 2026-05-25T13:23:31.854174Z index=75 retry=0 exp=iter4895-task158-task158-cq-over-iter4874 artifact=runs/iter4895-task158-task158-cq-over-iter4874/submission.zip =====

  0%|          | 0.00/1.38M [00:00<?, ?B/s]
 24%|██▎       | 336k/1.38M [00:00<00:00, 3.27MB/s]
 46%|████▋     | 656k/1.38M [00:00<00:00, 1.13MB/s]
 59%|█████▊    | 832k/1.38M [00:00<00:00, 1.23MB/s]
 81%|████████▏ | 1.12M/1.38M [00:00<00:00, 1.50MB/s]
100%|██████████| 1.38M/1.38M [00:01<00:00, 1.19MB/s]
Successfully submitted to The 2026 NeuroGolf Championship

===== 2026-05-25T13:23:35.252988Z index=76 retry=0 exp=iter4886-task035-task035-directq-over-iter4874 artifact=runs/iter4886-task035-task035-directq-over-iter4874/submission.zip =====

  0%|          | 0.00/1.37M [00:00<?, ?B/s]
  1%|          | 16.0k/1.37M [00:02<03:17, 7.17kB/s]
 58%|█████▊    | 816k/1.37M [00:02<00:01, 484kB/s]  
 88%|████████▊ | 1.20M/1.37M [00:02<00:00, 687kB/s]
100%|██████████| 1.37M/1.37M [00:03<00:00, 449kB/s]
Successfully submitted to The 2026 NeuroGolf Championship

===== 2026-05-25T13:23:40.557406Z index=77 retry=0 exp=iter4885-task235-task235-directq-over-iter4874 artifact=runs/iter4885-task235-task235-directq-over-iter4874/submission.zip =====

  0%|          | 0.00/1.37M [00:00<?, ?B/s]
  1%|          | 16.0k/1.37M [00:03<04:25, 5.34kB/s]
 30%|██▉       | 416k/1.37M [00:03<00:05, 187kB/s]  
 46%|████▌     | 640k/1.37M [00:03<00:02, 283kB/s]
100%|██████████| 1.37M/1.37M [00:04<00:00, 353kB/s]
Successfully submitted to The 2026 NeuroGolf Championship

===== 2026-05-25T13:23:46.869607Z index=78 retry=0 exp=iter4884-task301-task301-directq-over-iter4874 artifact=runs/iter4884-task301-task301-directq-over-iter4874/submission.zip =====

===== 2026-05-25T13:24:09.878437Z index=78 retry=0 exp=iter4884-task301-task301-directq-over-iter4874 =====

  0%|          | 0.00/1.37M [00:00<?, ?B/s]
 24%|██▍       | 336k/1.37M [00:00<00:00, 3.13MB/s]
 47%|████▋     | 656k/1.37M [00:00<00:00, 1.19MB/s]
 80%|███████▉  | 1.09M/1.37M [00:00<00:00, 2.01MB/s]
100%|██████████| 1.37M/1.37M [00:01<00:00, 1.37MB/s]
Successfully submitted to The 2026 NeuroGolf Championship

===== 2026-05-25T13:24:13.120209Z index=79 retry=0 exp=iter4883-task392-task392-directq-over-iter4874 =====

  0%|          | 0.00/1.37M [00:00<?, ?B/s]
 24%|██▍       | 336k/1.37M [00:00<00:00, 3.42MB/s]
 48%|████▊     | 672k/1.37M [00:00<00:00, 1.15MB/s]
 62%|██████▏   | 864k/1.37M [00:00<00:00, 1.25MB/s]
 91%|█████████▏| 1.25M/1.37M [00:00<00:00, 1.92MB/s]
100%|██████████| 1.37M/1.37M [00:01<00:00, 1.17MB/s]
Successfully submitted to The 2026 NeuroGolf Championship

===== 2026-05-25T13:24:16.506001Z index=80 retry=0 exp=iter4882-task150-task150-directq-over-iter4874 =====

  0%|          | 0.00/1.37M [00:00<?, ?B/s]
  1%|          | 16.0k/1.37M [00:03<05:12, 4.54kB/s]
 35%|███▌      | 496k/1.37M [00:03<00:05, 177kB/s]  
 56%|█████▌    | 784k/1.37M [00:04<00:02, 306kB/s]
 93%|█████████▎| 1.27M/1.37M [00:04<00:00, 617kB/s]
100%|██████████| 1.37M/1.37M [00:04<00:00, 317kB/s]
Successfully submitted to The 2026 NeuroGolf Championship

===== 2026-05-25T13:24:23.023400Z index=81 retry=0 exp=iter4881-task155-task155-directq-over-iter4874 =====

  0%|          | 0.00/1.37M [00:00<?, ?B/s]
  1%|          | 16.0k/1.37M [00:04<07:11, 3.29kB/s]
 35%|███▌      | 496k/1.37M [00:05<00:06, 134kB/s]  
 43%|████▎     | 608k/1.37M [00:05<00:04, 168kB/s]
 81%|████████  | 1.11M/1.37M [00:05<00:00, 424kB/s]
100%|██████████| 1.37M/1.37M [00:05<00:00, 242kB/s]
Successfully submitted to The 2026 NeuroGolf Championship

===== 2026-05-25T13:24:31.117725Z index=82 retry=0 exp=iter4880-task175-task175-directq-over-iter4874 =====

  0%|          | 0.00/1.37M [00:00<?, ?B/s]
 32%|███▏      | 448k/1.37M [00:00<00:00, 4.14MB/s]
 62%|██████▏   | 864k/1.37M [00:00<00:00, 1.24MB/s]
 96%|█████████▌| 1.31M/1.37M [00:00<00:00, 1.81MB/s]
100%|██████████| 1.37M/1.37M [00:01<00:00, 1.25MB/s]
Successfully submitted to The 2026 NeuroGolf Championship

===== 2026-05-25T13:24:34.247168Z index=83 retry=0 exp=iter4879-task014-task014-directq-over-iter4874 =====

  0%|          | 0.00/1.37M [00:00<?, ?B/s]
  1%|          | 16.0k/1.37M [00:03<04:45, 4.96kB/s]
 14%|█▎        | 192k/1.37M [00:03<00:15, 79.0kB/s] 
 47%|████▋     | 656k/1.37M [00:03<00:02, 322kB/s] 
 66%|██████▋   | 928k/1.37M [00:03<00:00, 494kB/s]
100%|██████████| 1.37M/1.37M [00:04<00:00, 339kB/s]
Successfully submitted to The 2026 NeuroGolf Championship

===== 2026-05-25T13:24:40.461112Z index=84 retry=0 exp=iter4878-task285-task285-directq-over-iter4874 =====

  0%|          | 0.00/1.42M [00:00<?, ?B/s]
 23%|██▎       | 336k/1.42M [00:00<00:00, 3.28MB/s]
 46%|████▋     | 672k/1.42M [00:00<00:00, 1.26MB/s]
100%|██████████| 1.42M/1.42M [00:01<00:00, 1.29MB/s]
Successfully submitted to The 2026 NeuroGolf Championship

===== 2026-05-25T13:24:43.686536Z index=85 retry=0 exp=iter4877-task243-task243-directq-over-iter4874 =====

  0%|          | 0.00/1.37M [00:00<?, ?B/s]
 24%|██▍       | 336k/1.37M [00:00<00:00, 3.31MB/s]
 48%|████▊     | 672k/1.37M [00:00<00:00, 1.29MB/s]
 80%|███████▉  | 1.09M/1.37M [00:00<00:00, 2.08MB/s]
100%|██████████| 1.37M/1.37M [00:00<00:00, 1.46MB/s]
Successfully submitted to The 2026 NeuroGolf Championship

===== 2026-05-25T13:24:46.740244Z index=86 retry=0 exp=iter4876-task096-task096-directq-over-iter4874 =====

  0%|          | 0.00/1.37M [00:00<?, ?B/s]
  1%|          | 16.0k/1.37M [00:03<04:45, 4.97kB/s]
 37%|███▋      | 512k/1.37M [00:03<00:04, 210kB/s]  
 50%|█████     | 704k/1.37M [00:03<00:02, 286kB/s]
100%|██████████| 1.37M/1.37M [00:04<00:00, 339kB/s]
Successfully submitted to The 2026 NeuroGolf Championship

===== 2026-05-25T13:24:53.037169Z index=87 retry=0 exp=iter4875-task133-task133-directq-over-iter4874 =====

  0%|          | 0.00/1.38M [00:00<?, ?B/s]
  1%|          | 16.0k/1.38M [00:03<05:27, 4.37kB/s]
 35%|███▌      | 496k/1.38M [00:04<00:05, 165kB/s]  
 77%|███████▋  | 1.06M/1.38M [00:04<00:00, 427kB/s]
100%|██████████| 1.38M/1.38M [00:04<00:00, 308kB/s]
Successfully submitted to The 2026 NeuroGolf Championship

===== 2026-05-25T13:24:59.849129Z index=88 retry=0 exp=iter4874-task301-task301-trained396-after035-over-iter4858 =====

  0%|          | 0.00/1.37M [00:00<?, ?B/s]
  1%|          | 16.0k/1.37M [00:05<07:21, 3.21kB/s]
 14%|█▎        | 192k/1.37M [00:05<00:23, 51.9kB/s] 
 37%|███▋      | 512k/1.37M [00:05<00:05, 165kB/s] 
 59%|█████▉    | 832k/1.37M [00:05<00:01, 314kB/s]
100%|██████████| 1.37M/1.37M [00:06<00:00, 237kB/s]
Successfully submitted to The 2026 NeuroGolf Championship

===== 2026-05-25T13:25:08.249324Z index=89 retry=0 exp=iter4872-task376-current-scan-over-iter1000-task014-current-scan-ov =====

  0%|          | 0.00/1.37M [00:00<?, ?B/s]
 24%|██▍       | 336k/1.37M [00:00<00:00, 1.89MB/s]
 43%|████▎     | 608k/1.37M [00:00<00:00, 1.57MB/s]
 55%|█████▍    | 768k/1.37M [00:00<00:00, 1.36MB/s]
 65%|██████▌   | 912k/1.37M [00:00<00:00, 1.15MB/s]
100%|██████████| 1.37M/1.37M [00:01<00:00, 1.16MB/s]
Successfully submitted to The 2026 NeuroGolf Championship

===== 2026-05-25T13:25:11.760228Z index=90 retry=0 exp=iter4871-task190-current-scan-over-iter1000-task014-current-scan-ov =====

  0%|          | 0.00/1.37M [00:00<?, ?B/s]
  1%|          | 16.0k/1.37M [00:03<05:44, 4.12kB/s]
 72%|███████▏  | 0.98M/1.37M [00:04<00:01, 355kB/s] 
100%|██████████| 1.37M/1.37M [00:04<00:00, 291kB/s]
Successfully submitted to The 2026 NeuroGolf Championship

===== 2026-05-25T13:25:18.720669Z index=91 retry=0 exp=iter4870-task393-current-scan-over-iter1000-task014-current-scan-ov =====

  0%|          | 0.00/1.37M [00:00<?, ?B/s]
  1%|          | 16.0k/1.37M [00:03<04:22, 5.40kB/s]
 11%|█▏        | 160k/1.37M [00:03<00:17, 71.5kB/s] 
 75%|███████▌  | 1.03M/1.37M [00:03<00:00, 607kB/s]
100%|██████████| 1.37M/1.37M [00:03<00:00, 765kB/s]
100%|██████████| 1.37M/1.37M [00:04<00:00, 359kB/s]
Successfully submitted to The 2026 NeuroGolf Championship

===== 2026-05-25T13:25:24.818977Z index=92 retry=0 exp=iter4869-task085-current-scan-over-iter1000-task014-current-scan-ov =====

===== 2026-05-25T13:25:47.148256Z index=92 retry=0 exp=iter4869-task085-current-scan-over-iter1000-task014-current-scan-ov =====

  0%|          | 0.00/1.37M [00:00<?, ?B/s]
 14%|█▎        | 192k/1.37M [00:00<00:01, 1.24MB/s]
 46%|████▌     | 640k/1.37M [00:00<00:00, 2.04MB/s]
 61%|██████    | 848k/1.37M [00:00<00:00, 1.62MB/s]
 72%|███████▏  | 0.98M/1.37M [00:00<00:00, 1.31MB/s]
100%|██████████| 1.37M/1.37M [00:01<00:00, 1.18MB/s]
Successfully submitted to The 2026 NeuroGolf Championship

===== 2026-05-25T13:25:50.526008Z index=93 retry=0 exp=iter4868-task314-current-scan-over-iter1000-task014-current-scan-ov =====

  0%|          | 0.00/1.37M [00:00<?, ?B/s]
 26%|██▋       | 368k/1.37M [00:00<00:00, 3.67MB/s]
 53%|█████▎    | 736k/1.37M [00:00<00:00, 1.75MB/s]
 69%|██████▊   | 960k/1.37M [00:00<00:00, 1.74MB/s]
100%|██████████| 1.37M/1.37M [00:01<00:00, 1.38MB/s]
Successfully submitted to The 2026 NeuroGolf Championship

===== 2026-05-25T13:25:53.663139Z index=94 retry=0 exp=iter4867-task088-current-scan-over-iter1000-task014-current-scan-ov =====

  0%|          | 0.00/1.37M [00:00<?, ?B/s]
 24%|██▍       | 336k/1.37M [00:00<00:00, 3.25MB/s]
 47%|████▋     | 656k/1.37M [00:00<00:00, 2.30MB/s]
 64%|██████▍   | 896k/1.37M [00:00<00:00, 1.34MB/s]
100%|██████████| 1.37M/1.37M [00:01<00:00, 1.34MB/s]
Successfully submitted to The 2026 NeuroGolf Championship

===== 2026-05-25T13:25:56.925231Z index=95 retry=0 exp=iter4866-task248-current-scan-over-iter1000-task014-current-scan-ov =====

===== 2026-05-25T13:26:18.247603Z index=95 retry=0 exp=iter4866-task248-current-scan-over-iter1000-task014-current-scan-ov =====

  0%|          | 0.00/1.37M [00:00<?, ?B/s]
  1%|          | 16.0k/1.37M [00:05<07:17, 3.24kB/s]
 30%|██▉       | 416k/1.37M [00:05<00:08, 114kB/s]  
 54%|█████▎    | 752k/1.37M [00:05<00:02, 233kB/s]
 67%|██████▋   | 944k/1.37M [00:05<00:01, 315kB/s]
100%|██████████| 1.37M/1.37M [00:05<00:00, 240kB/s]
Successfully submitted to The 2026 NeuroGolf Championship

===== 2026-05-25T13:26:26.506049Z index=96 retry=0 exp=iter4865-task078-current-scan-over-iter1000-task014-current-scan-ov =====

  0%|          | 0.00/1.37M [00:00<?, ?B/s]
  1%|          | 16.0k/1.37M [00:03<04:38, 5.09kB/s]
 38%|███▊      | 528k/1.37M [00:03<00:04, 222kB/s]  
 51%|█████▏    | 720k/1.37M [00:03<00:02, 300kB/s]
100%|██████████| 1.37M/1.37M [00:04<00:00, 310kB/s]
Successfully submitted to The 2026 NeuroGolf Championship

===== 2026-05-25T13:26:33.183965Z index=97 retry=0 exp=iter4864-task212-current-scan-over-iter1000-task014-current-scan-ov =====

  0%|          | 0.00/1.37M [00:00<?, ?B/s]
 26%|██▋       | 368k/1.37M [00:00<00:00, 3.76MB/s]
 53%|█████▎    | 736k/1.37M [00:00<00:00, 1.28MB/s]
100%|██████████| 1.37M/1.37M [00:01<00:00, 1.27MB/s]
Successfully submitted to The 2026 NeuroGolf Championship

===== 2026-05-25T13:26:36.455496Z index=98 retry=0 exp=iter4863-task012-current-scan-over-iter1000-task014-current-scan-ov =====

  0%|          | 0.00/1.37M [00:00<?, ?B/s]
  1%|          | 16.0k/1.37M [00:04<06:41, 3.53kB/s]
 37%|███▋      | 512k/1.37M [00:04<00:06, 148kB/s]  
 49%|████▉     | 688k/1.37M [00:05<00:03, 206kB/s]
100%|██████████| 1.37M/1.37M [00:05<00:00, 256kB/s]
400 Client Error: Bad Request for url: https://api.kaggle.com/v1/competitions.CompetitionApiService/CreateSubmission

